Mplus VERSION 8.10 (Mac)
MUTHEN & MUTHEN
08/25/2026  10:41 AM

INPUT INSTRUCTIONS

  TITLE:
  Manifest RSA with BAYES estimator (rsahelpers test fixture);
  DATA:
  FILE = "latent-rsa.dat";
  VARIABLE:
  NAMES = x1 x2 x3 y1 y2 y3 z1 z2 z3 age;
  MISSING = .;
  USEVARIABLES = X Y Z XS XY YS;
  DEFINE:
  X = MEAN(x1 x2 x3);
  Y = MEAN(y1 y2 y3);
  Z = MEAN(z1 z2 z3);
  XS = X*X;
  XY = X*Y;
  YS = Y*Y;
  ANALYSIS:
  ESTIMATOR = BAYES;
  PROCESSORS = 2;
  CHAINS = 2;
  BCONVERGENCE = .01;
  BITERATIONS = 50000(5000);
  MODEL:
  Z ON X (b1);
  Z ON Y (b2);
  Z ON XS (b3);
  Z ON XY (b4);
  Z ON YS (b5);
  MODEL CONSTRAINT:
  NEW(cs cc is ic a5);
  cs = b1 + b2;
  cc = b3 + b4 + b5;
  is = b1 - b2;
  ic = b3 - b4 + b5;
  a5 = b3 - b5;
  OUTPUT:
  STDYX CINTERVAL TECH1 TECH8;



INPUT READING TERMINATED NORMALLY




Manifest RSA with BAYES estimator (rsahelpers test fixture);

SUMMARY OF ANALYSIS

Number of groups                                                 1
Number of observations                                         300

Number of dependent variables                                    1
Number of independent variables                                  5
Number of continuous latent variables                            0

Observed dependent variables

  Continuous
   Z

Observed independent variables
   X           Y           XS          XY          YS


Estimator                                                    BAYES
Specifications for Bayesian Estimation
  Point estimate                                            MEDIAN
  Number of Markov chain Monte Carlo (MCMC) chains               2
  Random seed for the first chain                                0
  Starting value information                           UNPERTURBED
  Algorithm used for Markov chain Monte Carlo           GIBBS(PX1)
  Convergence criterion                                  0.100D-01
  Maximum number of iterations                               50000
  K-th iteration used for thinning                               1

Input data file(s)
  latent-rsa.dat
Input data format  FREE


SUMMARY OF DATA



COVARIANCE COVERAGE OF DATA

Minimum covariance coverage value   0.100

     Number of missing data patterns             1


     PROPORTION OF DATA PRESENT


           Covariance Coverage
              Z             X             Y             XS            XY
              ________      ________      ________      ________      ________
 Z              1.000
 X              1.000         1.000
 Y              1.000         1.000         1.000
 XS             1.000         1.000         1.000         1.000
 XY             1.000         1.000         1.000         1.000         1.000
 YS             1.000         1.000         1.000         1.000         1.000


           Covariance Coverage
              YS
              ________
 YS             1.000



UNIVARIATE SAMPLE STATISTICS


     UNIVARIATE HIGHER-ORDER MOMENT DESCRIPTIVE STATISTICS

         Variable/         Mean/     Skewness/   Minimum/ % with                Percentiles
        Sample Size      Variance    Kurtosis    Maximum  Min/Max      20%/60%    40%/80%    Median

     Z                    -0.162      -0.040      -2.640    0.33%      -0.939     -0.327     -0.148
             300.000       0.768       0.138       2.715    0.33%       0.055      0.503
     X                     0.040       0.009      -2.581    0.33%      -0.793     -0.192      0.015
             300.000       0.912      -0.128       2.444    0.33%       0.208      0.858
     Y                     0.081      -0.065      -3.075    0.33%      -0.983     -0.177      0.084
             300.000       1.330      -0.310       3.132    0.33%       0.466      1.093
     XS                    0.913       2.247       0.000    0.33%       0.041      0.234      0.469
             300.000       1.563       5.453       6.663    0.33%       0.653      1.470
     XY                    0.439       2.028      -2.324    0.33%      -0.207      0.036      0.142
             300.000       1.305       8.695       7.573    0.33%       0.281      1.088
     YS                    1.336       2.306       0.000    0.33%       0.117      0.405      0.670
             300.000       2.992       6.296       9.806    0.33%       1.080      2.270


THE MODEL ESTIMATION TERMINATED NORMALLY

     USE THE FBITERATIONS OPTION TO INCREASE THE NUMBER OF ITERATIONS BY A FACTOR
     OF AT LEAST TWO TO CHECK CONVERGENCE AND THAT THE PSR VALUE DOES NOT INCREASE.



MODEL FIT INFORMATION

Number of Free Parameters                               7

Bayesian Posterior Predictive Checking using Chi-Square

          95% Confidence Interval for the Difference Between
          the Observed and the Replicated Chi-Square Values

                                 -9.729            11.348

          Posterior Predictive P-Value              0.512

Information Criteria

          Deviance (DIC)                          665.682
          Estimated Number of Parameters (pD)       6.986
          Bayesian (BIC)                          691.593

RMSEA (Root Mean Square Error Of Approximation)

          Estimate                           0.000
          90 Percent C.I.                    0.000  0.166
          Probability RMSEA <= .05           0.635

CFI/TLI

          CFI                                1.000
          90 Percent C.I.                    0.926  1.000

          TLI                                1.000
          90 Percent C.I.                    0.673  1.000



MODEL RESULTS

                                Posterior  One-Tailed         95% C.I.
                    Estimate       S.D.      P-Value   Lower 2.5%  Upper 2.5%  Significance

 Z          ON
    X                  0.271       0.048      0.000       0.176       0.366      *
    Y                  0.265       0.040      0.000       0.185       0.343      *
    XS                -0.150       0.040      0.000      -0.230      -0.073      *
    XY                 0.184       0.051      0.000       0.086       0.287      *
    YS                -0.074       0.029      0.004      -0.132      -0.018      *

 Intercepts
    Z                 -0.040       0.062      0.259      -0.159       0.085

 Residual Variances
    Z                  0.528       0.044      0.000       0.452       0.625      *

New/Additional Parameters
    CS                 0.536       0.048      0.000       0.441       0.630      *
    CC                -0.039       0.042      0.168      -0.124       0.040
    IS                 0.006       0.074      0.469      -0.141       0.153
    IC                -0.407       0.097      0.000      -0.598      -0.221      *
    A5                -0.076       0.045      0.047      -0.164       0.012


STANDARDIZED MODEL RESULTS


STDYX Standardization

                                Posterior  One-Tailed         95% C.I.
                    Estimate       S.D.      P-Value   Lower 2.5%  Upper 2.5%  Significance
 Z          ON
    X                  0.291       0.049      0.000       0.190       0.386      *
    Y                  0.344       0.048      0.000       0.242       0.432      *
    XS                -0.212       0.055      0.000      -0.318      -0.103      *
    XY                 0.236       0.065      0.000       0.111       0.363      *
    YS                -0.145       0.056      0.004      -0.254      -0.035      *

 Intercepts
    Z                 -0.045       0.070      0.259      -0.180       0.094

 Residual Variances
    Z                  0.669       0.040      0.000       0.593       0.750      *


R-SQUARE

                                Posterior  One-Tailed         95% C.I.
    Variable        Estimate       S.D.      P-Value   Lower 2.5%  Upper 2.5%

    Z                  0.331       0.040      0.000       0.250       0.406


CREDIBILITY INTERVALS OF MODEL RESULTS

                  Lower .5%  Lower 2.5%    Lower 5%    Estimate    Upper 5%  Upper 2.5%   Upper .5%

 Z        ON
    X                0.144       0.176       0.192       0.271       0.348       0.366       0.392
    Y                0.160       0.185       0.197       0.265       0.329       0.343       0.370
    XS              -0.257      -0.230      -0.216      -0.150      -0.084      -0.073      -0.047
    XY               0.052       0.086       0.100       0.184       0.270       0.287       0.318
    YS              -0.147      -0.132      -0.122      -0.074      -0.027      -0.018      -0.001

 Intercepts
    Z               -0.197      -0.159      -0.140      -0.040       0.063       0.085       0.123

 Residual Variances
    Z                0.431       0.452       0.462       0.528       0.608       0.625       0.661

New/Additional Parameters
    CS               0.410       0.441       0.455       0.536       0.614       0.630       0.658
    CC              -0.152      -0.124      -0.110      -0.039       0.028       0.040       0.067
    IS              -0.190      -0.141      -0.116       0.006       0.127       0.153       0.202
    IC              -0.670      -0.598      -0.568      -0.407      -0.251      -0.221      -0.168
    A5              -0.189      -0.164      -0.151      -0.076      -0.002       0.012       0.043


CREDIBILITY INTERVALS OF STANDARDIZED MODEL RESULTS


STDYX Standardization

                  Lower .5%  Lower 2.5%    Lower 5%    Estimate    Upper 5%  Upper 2.5%   Upper .5%

 Z        ON
    X                0.157       0.190       0.207       0.291       0.370       0.386       0.413
    Y                0.210       0.242       0.262       0.344       0.418       0.432       0.460
    XS              -0.357      -0.318      -0.299      -0.212      -0.119      -0.103      -0.067
    XY               0.067       0.111       0.130       0.236       0.342       0.363       0.400
    YS              -0.281      -0.254      -0.237      -0.145      -0.053      -0.035      -0.002

 Intercepts
    Z               -0.224      -0.180      -0.159      -0.045       0.070       0.094       0.136

 Residual Variances
    Z                0.571       0.593       0.605       0.669       0.736       0.750       0.774


TECHNICAL 1 OUTPUT


     PARAMETER SPECIFICATION


           NU
              Z             X             Y             XS            XY
              ________      ________      ________      ________      ________
                    0             0             0             0             0


           NU
              YS
              ________
                    0


           LAMBDA
              Z             X             Y             XS            XY
              ________      ________      ________      ________      ________
 Z                  0             0             0             0             0
 X                  0             0             0             0             0
 Y                  0             0             0             0             0
 XS                 0             0             0             0             0
 XY                 0             0             0             0             0
 YS                 0             0             0             0             0


           LAMBDA
              YS
              ________
 Z                  0
 X                  0
 Y                  0
 XS                 0
 XY                 0
 YS                 0


           THETA
              Z             X             Y             XS            XY
              ________      ________      ________      ________      ________
 Z                  0
 X                  0             0
 Y                  0             0             0
 XS                 0             0             0             0
 XY                 0             0             0             0             0
 YS                 0             0             0             0             0


           THETA
              YS
              ________
 YS                 0


           ALPHA
              Z             X             Y             XS            XY
              ________      ________      ________      ________      ________
                    1             0             0             0             0


           ALPHA
              YS
              ________
                    0


           BETA
              Z             X             Y             XS            XY
              ________      ________      ________      ________      ________
 Z                  0             2             3             4             5
 X                  0             0             0             0             0
 Y                  0             0             0             0             0
 XS                 0             0             0             0             0
 XY                 0             0             0             0             0
 YS                 0             0             0             0             0


           BETA
              YS
              ________
 Z                  6
 X                  0
 Y                  0
 XS                 0
 XY                 0
 YS                 0


           PSI
              Z             X             Y             XS            XY
              ________      ________      ________      ________      ________
 Z                  7
 X                  0             0
 Y                  0             0             0
 XS                 0             0             0             0
 XY                 0             0             0             0             0
 YS                 0             0             0             0             0


           PSI
              YS
              ________
 YS                 0


     PARAMETER SPECIFICATION FOR THE ADDITIONAL PARAMETERS


           NEW/ADDITIONAL PARAMETERS
              CS            CC            IS            IC            A5
              ________      ________      ________      ________      ________
                    8             9            10            11            12


     STARTING VALUES


           NU
              Z             X             Y             XS            XY
              ________      ________      ________      ________      ________
                0.000         0.000         0.000         0.000         0.000


           NU
              YS
              ________
                0.000


           LAMBDA
              Z             X             Y             XS            XY
              ________      ________      ________      ________      ________
 Z              1.000         0.000         0.000         0.000         0.000
 X              0.000         1.000         0.000         0.000         0.000
 Y              0.000         0.000         1.000         0.000         0.000
 XS             0.000         0.000         0.000         1.000         0.000
 XY             0.000         0.000         0.000         0.000         1.000
 YS             0.000         0.000         0.000         0.000         0.000


           LAMBDA
              YS
              ________
 Z              0.000
 X              0.000
 Y              0.000
 XS             0.000
 XY             0.000
 YS             1.000


           THETA
              Z             X             Y             XS            XY
              ________      ________      ________      ________      ________
 Z              0.000
 X              0.000         0.000
 Y              0.000         0.000         0.000
 XS             0.000         0.000         0.000         0.000
 XY             0.000         0.000         0.000         0.000         0.000
 YS             0.000         0.000         0.000         0.000         0.000


           THETA
              YS
              ________
 YS             0.000


           ALPHA
              Z             X             Y             XS            XY
              ________      ________      ________      ________      ________
               -0.162         0.000         0.000         0.000         0.000


           ALPHA
              YS
              ________
                0.000


           BETA
              Z             X             Y             XS            XY
              ________      ________      ________      ________      ________
 Z              0.000         0.000         0.000         0.000         0.000
 X              0.000         0.000         0.000         0.000         0.000
 Y              0.000         0.000         0.000         0.000         0.000
 XS             0.000         0.000         0.000         0.000         0.000
 XY             0.000         0.000         0.000         0.000         0.000
 YS             0.000         0.000         0.000         0.000         0.000


           BETA
              YS
              ________
 Z              0.000
 X              0.000
 Y              0.000
 XS             0.000
 XY             0.000
 YS             0.000


           PSI
              Z             X             Y             XS            XY
              ________      ________      ________      ________      ________
 Z              0.384
 X              0.000         0.456
 Y              0.000         0.000         0.665
 XS             0.000         0.000         0.000         0.782
 XY             0.000         0.000         0.000         0.000         0.653
 YS             0.000         0.000         0.000         0.000         0.000


           PSI
              YS
              ________
 YS             1.496


     STARTING VALUES FOR THE ADDITIONAL PARAMETERS


           NEW/ADDITIONAL PARAMETERS
              CS            CC            IS            IC            A5
              ________      ________      ________      ________      ________
                0.500         0.500         0.500         0.500         0.500



     PRIORS FOR ALL PARAMETERS            PRIOR MEAN      PRIOR VARIANCE     PRIOR STD. DEV.

     Parameter 1~N(0.000,infinity)           0.0000            infinity            infinity
     Parameter 2~N(0.000,infinity)           0.0000            infinity            infinity
     Parameter 3~N(0.000,infinity)           0.0000            infinity            infinity
     Parameter 4~N(0.000,infinity)           0.0000            infinity            infinity
     Parameter 5~N(0.000,infinity)           0.0000            infinity            infinity
     Parameter 6~N(0.000,infinity)           0.0000            infinity            infinity
     Parameter 7~IG(-1.000,0.000)          infinity            infinity            infinity


TECHNICAL 8 OUTPUT


   TECHNICAL 8 OUTPUT FOR BAYES ESTIMATION

     CHAIN    BSEED
     1        0
     2        285380

                     POTENTIAL       PARAMETER WITH
     ITERATION    SCALE REDUCTION      HIGHEST PSR
     100              1.000               1
     200              1.010               1
     300              1.003               7
     400              1.003               2
     500              1.007               5
     600              1.009               5
     700              1.006               5
     800              1.005               5
     900              1.004               2
     1000             1.003               2
     1100             1.000               4
     1200             1.001               1
     1300             1.001               5
     1400             1.004               5
     1500             1.003               5
     1600             1.002               4
     1700             1.001               5
     1800             1.001               5
     1900             1.000               3
     2000             1.002               3
     2100             1.002               5
     2200             1.002               3
     2300             1.002               3
     2400             1.003               3
     2500             1.003               3
     2600             1.002               3
     2700             1.001               1
     2800             1.001               1
     2900             1.001               1
     3000             1.001               1
     3100             1.002               1
     3200             1.002               1
     3300             1.003               1
     3400             1.002               1
     3500             1.002               1
     3600             1.002               1
     3700             1.001               1
     3800             1.001               1
     3900             1.001               1
     4000             1.001               1
     4100             1.001               6
     4200             1.001               6
     4300             1.001               6
     4400             1.001               6
     4500             1.001               6
     4600             1.001               1
     4700             1.001               1
     4800             1.001               1
     4900             1.001               1
     5000             1.001               1


     Beginning Time:  10:41:27
        Ending Time:  10:41:27
       Elapsed Time:  00:00:00



MUTHEN & MUTHEN
3463 Stoner Ave.
Los Angeles, CA  90066

Tel: (310) 391-9971
Fax: (310) 391-8971
Web: www.StatModel.com
Support: Support@StatModel.com

Copyright (c) 1998-2023 Muthen & Muthen
