Mplus VERSION 8.10 (Mac)
MUTHEN & MUTHEN
07/20/2026   4:09 PM

INPUT INSTRUCTIONS

  TITLE:
  RSA model generated by rsahelpers;
  DATA:
  FILE = "models/latent-rsa.dat";
  VARIABLE:
  NAMES = x1 x2 x3 y1 y2 y3 z1 z2 z3 age;
   MISSING=.;

  ANALYSIS:
  TYPE = RANDOM;
  ALGORITHM = INTEGRATION;
  MODEL:
  X BY x1@1;
  X BY x2;
  X BY x3;
  Y BY y1@1;
  Y BY y2;
  Y BY y3;
  Z BY z1@1;
  Z BY z2;
  Z BY z3;
  x1;
  x2;
  x3;
  y1;
  y2;
  y3;
  z1;
  z2;
  z3;
  X;
  Y;
  Z;
  X WITH Y;
  [x1];
  [x2];
  [x3];
  [y1];
  [y2];
  [y3];
  [z1];
  [z2];
  [z3];
  [X@0];
  [Y@0];
  [Z@0];
  Z ON X (b1);
  Z ON Y (b2);
  XY | X XWITH Y;
  XS | X XWITH X;
  YS | Y XWITH Y;
  Z ON XS (b3);
  Z ON XY (b4);
  Z ON YS (b5);
  MODEL CONSTRAINT:
  NEW(cs cc is ic a5 x0 y0 p10 p11 p20 p21);
  cs = b1 + b2;
  cc = b3 + b4 + b5;
  is = b1 - b2;
  ic = b3 - b4 + b5;
  a5 = b3 - b5;
  x0 = (b2*b4 - 2*b1*b5) / (4*b3*b5 - b4*b4);
  y0 = (b1*b4 - 2*b2*b3) / (4*b3*b5 - b4*b4);
  p11 = (b5 - b3 + SQRT((b3 - b5)*(b3 - b5) + b4*b4)) / b4;
  p21 = (b5 - b3 - SQRT((b3 - b5)*(b3 - b5) + b4*b4)) / b4;
  p10 = y0 - p11*x0;
  p20 = y0 - p21*x0;
  OUTPUT:
  STDYX CINTERVAL TECH1;



*** WARNING in MODEL command
  Variable is uncorrelated with all other variables:  AGE
*** WARNING in MODEL command
  At least one variable is uncorrelated with all other variables in the model.
  Check that this is what is intended.
   2 WARNING(S) FOUND IN THE INPUT INSTRUCTIONS




RSA model generated by rsahelpers;

SUMMARY OF ANALYSIS

Number of groups                                                 1
Number of observations                                         300

Number of dependent variables                                   10
Number of independent variables                                  0
Number of continuous latent variables                            6

Observed dependent variables

  Continuous
   X1          X2          X3          Y1          Y2          Y3
   Z1          Z2          Z3          AGE

Continuous latent variables
   X           Y           Z           XY          XS          YS


Estimator                                                      MLR
Information matrix                                        OBSERVED
Optimization Specifications for the Quasi-Newton Algorithm for
Continuous Outcomes
  Maximum number of iterations                                 100
  Convergence criterion                                  0.100D-05
Optimization Specifications for the EM Algorithm
  Maximum number of iterations                                 500
  Convergence criteria
    Loglikelihood change                                 0.100D-02
    Relative loglikelihood change                        0.100D-05
    Derivative                                           0.100D-02
Optimization Specifications for the M step of the EM Algorithm for
Categorical Latent variables
  Number of M step iterations                                    1
  M step convergence criterion                           0.100D-02
  Basis for M step termination                           ITERATION
Optimization Specifications for the M step of the EM Algorithm for
Censored, Binary or Ordered Categorical (Ordinal), Unordered
Categorical (Nominal) and Count Outcomes
  Number of M step iterations                                    1
  M step convergence criterion                           0.100D-02
  Basis for M step termination                           ITERATION
  Maximum value for logit thresholds                            15
  Minimum value for logit thresholds                           -15
  Minimum expected cell size for chi-square              0.100D-01
Maximum number of iterations for H1                           2000
Convergence criterion for H1                             0.100D-03
Optimization algorithm                                         EMA
Integration Specifications
  Type                                                    STANDARD
  Number of integration points                                  15
  Dimensions of numerical integration                            2
  Adaptive quadrature                                           ON
Cholesky                                                       OFF

Input data file(s)
  models/latent-rsa.dat
Input data format  FREE


SUMMARY OF DATA

     Number of missing data patterns             1


COVARIANCE COVERAGE OF DATA

Minimum covariance coverage value   0.100


     PROPORTION OF DATA PRESENT FOR Y


           Covariance Coverage
              X1            X2            X3            Y1            Y2
              ________      ________      ________      ________      ________
 X1             1.000
 X2             1.000         1.000
 X3             1.000         1.000         1.000
 Y1             1.000         1.000         1.000         1.000
 Y2             1.000         1.000         1.000         1.000         1.000
 Y3             1.000         1.000         1.000         1.000         1.000
 Z1             1.000         1.000         1.000         1.000         1.000
 Z2             1.000         1.000         1.000         1.000         1.000
 Z3             1.000         1.000         1.000         1.000         1.000
 AGE            1.000         1.000         1.000         1.000         1.000


           Covariance Coverage
              Y3            Z1            Z2            Z3            AGE
              ________      ________      ________      ________      ________
 Y3             1.000
 Z1             1.000         1.000
 Z2             1.000         1.000         1.000
 Z3             1.000         1.000         1.000         1.000
 AGE            1.000         1.000         1.000         1.000         1.000



UNIVARIATE SAMPLE STATISTICS


     UNIVARIATE HIGHER-ORDER MOMENT DESCRIPTIVE STATISTICS

         Variable/         Mean/     Skewness/   Minimum/ % with                Percentiles
        Sample Size      Variance    Kurtosis    Maximum  Min/Max      20%/60%    40%/80%    Median

     X1                    0.047       0.117      -2.711    0.33%      -0.796     -0.264     -0.031
             300.000       0.984      -0.249       2.675    0.33%       0.216      0.921
     X2                    0.009      -0.170      -3.032    0.33%      -0.930     -0.249      0.102
             300.000       1.027      -0.165       2.444    0.33%       0.323      0.870
     X3                    0.063       0.052      -3.130    0.33%      -0.766     -0.226      0.035
             300.000       1.042       0.075       2.905    0.33%       0.299      0.897
     Y1                    0.050      -0.029      -3.561    0.33%      -0.963     -0.282      0.049
             300.000       1.422      -0.175       3.461    0.33%       0.379      1.057
     Y2                    0.088      -0.099      -3.009    0.33%      -1.043     -0.251      0.088
             300.000       1.423      -0.376       3.044    0.33%       0.418      1.120
     Y3                    0.105      -0.022      -3.447    0.33%      -0.946     -0.167      0.125
             300.000       1.437      -0.290       3.155    0.33%       0.448      1.129
     Z1                   -0.183      -0.032      -2.749    0.33%      -0.995     -0.427     -0.119
             300.000       0.861       0.109       2.861    0.33%       0.103      0.592
     Z2                   -0.171      -0.012      -3.221    0.33%      -0.994     -0.371     -0.179
             300.000       0.875       0.118       2.909    0.33%       0.108      0.562
     Z3                   -0.134       0.069      -2.591    0.33%      -0.947     -0.393     -0.121
             300.000       0.886      -0.168       2.377    0.33%       0.083      0.630
     AGE                  40.820       0.031      18.000    3.67%      27.000     35.000     40.500
             300.000     197.094      -1.226      65.000    2.33%      46.000     55.000


THE MODEL ESTIMATION TERMINATED NORMALLY



MODEL FIT INFORMATION

Number of Free Parameters                       35

Loglikelihood

          H0 Value                       -3767.994
          H0 Scaling Correction Factor      0.9351
            for MLR

Information Criteria

          Akaike (AIC)                    7605.988
          Bayesian (BIC)                  7735.621
          Sample-Size Adjusted BIC        7624.622
            (n* = (n + 2) / 24)



MODEL RESULTS

                                                    Two-Tailed
                    Estimate       S.E.  Est./S.E.    P-Value

 X        BY
    X1                 1.000      0.000    999.000    999.000
    X2                 1.024      0.039     25.950      0.000
    X3                 1.032      0.037     28.250      0.000

 Y        BY
    Y1                 1.000      0.000    999.000    999.000
    Y2                 0.999      0.028     36.144      0.000
    Y3                 0.996      0.030     33.351      0.000

 Z        BY
    Z1                 1.000      0.000    999.000    999.000
    Z2                 1.026      0.041     25.130      0.000
    Z3                 1.024      0.042     24.118      0.000

 Z          ON
    X                  0.287      0.054      5.312      0.000
    Y                  0.260      0.044      5.968      0.000
    XS                -0.180      0.043     -4.165      0.000
    XY                 0.220      0.057      3.885      0.000
    YS                -0.086      0.029     -2.927      0.003

 X        WITH
    Y                  0.427      0.066      6.516      0.000

 Means
    AGE               40.820      0.811     50.361      0.000
    X                  0.000      0.000    999.000    999.000
    Y                  0.000      0.000    999.000    999.000

 Intercepts
    X1                 0.046      0.057      0.798      0.425
    X2                 0.007      0.059      0.128      0.898
    X3                 0.061      0.059      1.040      0.298
    Y1                 0.047      0.069      0.688      0.491
    Y2                 0.085      0.069      1.230      0.219
    Y3                 0.102      0.069      1.476      0.140
    Z1                -0.019      0.067     -0.282      0.778
    Z2                -0.002      0.065     -0.038      0.969
    Z3                 0.034      0.069      0.493      0.622
    Z                  0.000      0.000    999.000    999.000

 Variances
    AGE              197.094     10.011     19.688      0.000
    X                  0.827      0.076     10.868      0.000
    Y                  1.285      0.109     11.764      0.000

 Residual Variances
    X1                 0.156      0.019      8.359      0.000
    X2                 0.159      0.018      8.621      0.000
    X3                 0.161      0.020      8.015      0.000
    Y1                 0.137      0.019      7.026      0.000
    Y2                 0.141      0.018      7.974      0.000
    Y3                 0.162      0.018      8.801      0.000
    Z1                 0.170      0.018      9.274      0.000
    Z2                 0.148      0.020      7.363      0.000
    Z3                 0.161      0.018      8.757      0.000
    Z                  0.433      0.055      7.934      0.000

New/Additional Parameters
    CS                 0.548      0.052     10.609      0.000
    CC                -0.046      0.033     -1.387      0.165
    IS                 0.027      0.084      0.323      0.747
    IC                -0.486      0.110     -4.432      0.000
    A5                -0.095      0.046     -2.060      0.039
    X0                 8.010      8.955      0.895      0.371
    Y0                11.816     13.514      0.874      0.382
    P10               -0.348      0.306     -1.138      0.255
    P11                1.519      0.307      4.953      0.000
    P20               17.091     19.379      0.882      0.378
    P21               -0.659      0.133     -4.953      0.000


QUALITY OF NUMERICAL RESULTS

     Condition Number for the Information Matrix              0.508E-04
       (ratio of smallest to largest eigenvalue)


STANDARDIZED MODEL RESULTS


STDYX Standardization

                                                    Two-Tailed
                    Estimate       S.E.  Est./S.E.    P-Value

 X        BY
    X1                 0.917      0.012     77.051      0.000
    X2                 0.919      0.011     82.497      0.000
    X3                 0.920      0.012     76.758      0.000

 Y        BY
    Y1                 0.951      0.008    125.328      0.000
    Y2                 0.949      0.007    128.413      0.000
    Y3                 0.942      0.008    114.580      0.000

 Z        BY
    Z1                 0.897      0.015     61.489      0.000
    Z2                 0.912      0.014     63.242      0.000
    Z3                 0.905      0.013     68.613      0.000

 Z          ON
    X                  0.314      0.054      5.810      0.000
    Y                  0.354      0.059      5.968      0.000
    XS                -0.179      0.043     -4.123      0.000
    XY                 0.272      0.068      4.029      0.000
    YS                -0.132      0.046     -2.890      0.004

 X        WITH
    Y                  0.414      0.049      8.469      0.000

 Means
    AGE                2.908      0.092     31.557      0.000
    X                  0.000      0.000    999.000    999.000
    Y                  0.000      0.000    999.000    999.000

 Intercepts
    X1                 0.046      0.058      0.799      0.424
    X2                 0.007      0.058      0.128      0.898
    X3                 0.060      0.058      1.040      0.298
    Y1                 0.040      0.058      0.688      0.492
    Y2                 0.071      0.058      1.225      0.221
    Y3                 0.085      0.058      1.472      0.141
    Z1                -0.020      0.072     -0.281      0.779
    Z2                -0.003      0.069     -0.038      0.969
    Z3                 0.036      0.073      0.494      0.621
    Z                  0.000      0.000    999.000    999.000

 Variances
    AGE                1.000      0.000    999.000    999.000
    X                  1.000      0.000    999.000    999.000
    Y                  1.000      0.000    999.000    999.000

 Residual Variances
    X1                 0.159      0.022      7.289      0.000
    X2                 0.155      0.020      7.556      0.000
    X3                 0.154      0.022      7.000      0.000
    Y1                 0.096      0.014      6.661      0.000
    Y2                 0.099      0.014      7.067      0.000
    Y3                 0.113      0.015      7.275      0.000
    Z1                 0.196      0.026      7.502      0.000
    Z2                 0.168      0.026      6.381      0.000
    Z3                 0.181      0.024      7.587      0.000
    Z                  0.623      0.054     11.503      0.000


R-SQUARE

    Observed                                        Two-Tailed
    Variable        Estimate       S.E.  Est./S.E.    P-Value

    X1                 0.841      0.022     38.525      0.000
    X2                 0.845      0.020     41.249      0.000
    X3                 0.846      0.022     38.379      0.000
    Y1                 0.904      0.014     62.664      0.000
    Y2                 0.901      0.014     64.207      0.000
    Y3                 0.887      0.015     57.290      0.000
    Z1                 0.804      0.026     30.745      0.000
    Z2                 0.832      0.026     31.621      0.000
    Z3                 0.819      0.024     34.307      0.000

     Latent                                         Two-Tailed
    Variable        Estimate       S.E.  Est./S.E.    P-Value

    Z                  0.377      0.054      6.968      0.000


CONFIDENCE INTERVALS OF MODEL RESULTS

                  Lower .5%  Lower 2.5%    Lower 5%    Estimate    Upper 5%  Upper 2.5%   Upper .5%

 X        BY
    X1               1.000       1.000       1.000       1.000       1.000       1.000       1.000
    X2               0.923       0.947       0.959       1.024       1.089       1.102       1.126
    X3               0.938       0.961       0.972       1.032       1.093       1.104       1.127

 Y        BY
    Y1               1.000       1.000       1.000       1.000       1.000       1.000       1.000
    Y2               0.928       0.945       0.954       0.999       1.044       1.053       1.070
    Y3               0.919       0.938       0.947       0.996       1.045       1.055       1.073

 Z        BY
    Z1               1.000       1.000       1.000       1.000       1.000       1.000       1.000
    Z2               0.921       0.946       0.959       1.026       1.093       1.106       1.131
    Z3               0.914       0.941       0.954       1.024       1.094       1.107       1.133

 Z        ON
    X                0.148       0.181       0.198       0.287       0.376       0.393       0.427
    Y                0.148       0.175       0.189       0.260       0.332       0.346       0.373
    XS              -0.292      -0.265      -0.252      -0.180      -0.109      -0.095      -0.069
    XY               0.074       0.109       0.127       0.220       0.313       0.331       0.366
    YS              -0.161      -0.143      -0.134      -0.086      -0.038      -0.028      -0.010

 X        WITH
    Y                0.258       0.299       0.319       0.427       0.535       0.556       0.596

 Means
    AGE             38.732      39.231      39.487      40.820      42.153      42.409      42.908
    X                0.000       0.000       0.000       0.000       0.000       0.000       0.000
    Y                0.000       0.000       0.000       0.000       0.000       0.000       0.000

 Intercepts
    X1              -0.102      -0.067      -0.049       0.046       0.140       0.158       0.193
    X2              -0.143      -0.107      -0.089       0.007       0.104       0.122       0.158
    X3              -0.091      -0.054      -0.036       0.061       0.158       0.177       0.213
    Y1              -0.130      -0.088      -0.066       0.047       0.161       0.182       0.225
    Y2              -0.093      -0.050      -0.029       0.085       0.198       0.220       0.262
    Y3              -0.076      -0.033      -0.012       0.102       0.216       0.238       0.280
    Z1              -0.192      -0.151      -0.129      -0.019       0.092       0.113       0.154
    Z2              -0.170      -0.130      -0.110      -0.002       0.105       0.125       0.165
    Z3              -0.143      -0.101      -0.079       0.034       0.147       0.168       0.210
    Z                0.000       0.000       0.000       0.000       0.000       0.000       0.000

 Variances
    AGE            171.308     177.472     180.626     197.094     213.563     216.716     222.881
    X                0.631       0.678       0.702       0.827       0.952       0.976       1.023
    Y                1.004       1.071       1.105       1.285       1.465       1.499       1.566

 Residual Variances
    X1               0.108       0.120       0.126       0.156       0.187       0.193       0.205
    X2               0.111       0.123       0.129       0.159       0.189       0.195       0.206
    X3               0.109       0.121       0.128       0.161       0.194       0.200       0.212
    Y1               0.087       0.098       0.105       0.137       0.169       0.175       0.187
    Y2               0.096       0.106       0.112       0.141       0.170       0.176       0.187
    Y3               0.115       0.126       0.132       0.162       0.192       0.198       0.209
    Z1               0.123       0.134       0.140       0.170       0.200       0.205       0.217
    Z2               0.096       0.108       0.115       0.148       0.181       0.187       0.199
    Z3               0.114       0.125       0.131       0.161       0.191       0.197       0.209
    Z                0.292       0.326       0.343       0.433       0.523       0.540       0.573

New/Additional Parameters
    CS               0.415       0.447       0.463       0.548       0.633       0.649       0.681
    CC              -0.131      -0.111      -0.100      -0.046       0.009       0.019       0.039
    IS              -0.188      -0.137      -0.111       0.027       0.165       0.191       0.242
    IC              -0.769      -0.701      -0.667      -0.486      -0.306      -0.271      -0.204
    A5              -0.213      -0.185      -0.170      -0.095      -0.019      -0.005       0.024
    X0             -15.055      -9.540      -6.720       8.010      22.741      25.561      31.076
    Y0             -22.992     -14.671     -10.414      11.816      34.046      38.303      46.624
    P10             -1.136      -0.948      -0.851      -0.348       0.155       0.251       0.440
    P11              0.729       0.918       1.014       1.519       2.023       2.119       2.308
    P20            -32.825     -20.892     -14.787      17.091      48.970      55.074      67.008
    P21             -1.001      -0.919      -0.877      -0.659      -0.440      -0.398      -0.316


CONFIDENCE INTERVALS OF STANDARDIZED MODEL RESULTS


STDYX Standardization

                  Lower .5%  Lower 2.5%    Lower 5%    Estimate    Upper 5%  Upper 2.5%   Upper .5%

 X        BY
    X1               0.886       0.894       0.897       0.917       0.937       0.940       0.948
    X2               0.891       0.897       0.901       0.919       0.938       0.941       0.948
    X3               0.889       0.896       0.900       0.920       0.939       0.943       0.951

 Y        BY
    Y1               0.931       0.936       0.938       0.951       0.963       0.966       0.970
    Y2               0.930       0.935       0.937       0.949       0.961       0.964       0.968
    Y3               0.921       0.926       0.928       0.942       0.956       0.958       0.963

 Z        BY
    Z1               0.859       0.868       0.873       0.897       0.921       0.925       0.934
    Z2               0.875       0.884       0.888       0.912       0.936       0.940       0.949
    Z3               0.871       0.879       0.883       0.905       0.927       0.931       0.939

 Z        ON
    X                0.175       0.208       0.225       0.314       0.402       0.419       0.453
    Y                0.201       0.238       0.256       0.354       0.452       0.470       0.507
    XS              -0.291      -0.264      -0.250      -0.179      -0.108      -0.094      -0.067
    XY               0.098       0.140       0.161       0.272       0.383       0.405       0.446
    YS              -0.250      -0.222      -0.207      -0.132      -0.057      -0.042      -0.014

 X        WITH
    Y                0.288       0.319       0.334       0.414       0.495       0.510       0.540

 Means
    AGE              2.670       2.727       2.756       2.908       3.059       3.088       3.145
    X                0.000       0.000       0.000       0.000       0.000       0.000       0.000
    Y                0.000       0.000       0.000       0.000       0.000       0.000       0.000

 Intercepts
    X1              -0.102      -0.067      -0.049       0.046       0.141       0.159       0.194
    X2              -0.141      -0.106      -0.088       0.007       0.102       0.121       0.156
    X3              -0.089      -0.053      -0.035       0.060       0.155       0.173       0.209
    Y1              -0.109      -0.074      -0.055       0.040       0.135       0.153       0.189
    Y2              -0.078      -0.043      -0.024       0.071       0.166       0.185       0.220
    Y3              -0.064      -0.028      -0.010       0.085       0.180       0.199       0.234
    Z1              -0.207      -0.162      -0.139      -0.020       0.099       0.122       0.166
    Z2              -0.182      -0.139      -0.117      -0.003       0.112       0.133       0.176
    Z3              -0.151      -0.106      -0.083       0.036       0.155       0.178       0.223
    Z                0.000       0.000       0.000       0.000       0.000       0.000       0.000

 Variances
    AGE              1.000       1.000       1.000       1.000       1.000       1.000       1.000
    X                1.000       1.000       1.000       1.000       1.000       1.000       1.000
    Y                1.000       1.000       1.000       1.000       1.000       1.000       1.000

 Residual Variances
    X1               0.103       0.116       0.123       0.159       0.195       0.202       0.215
    X2               0.102       0.115       0.121       0.155       0.189       0.195       0.208
    X3               0.098       0.111       0.118       0.154       0.191       0.197       0.211
    Y1               0.059       0.068       0.072       0.096       0.120       0.124       0.133
    Y2               0.063       0.072       0.076       0.099       0.122       0.127       0.135
    Y3               0.073       0.082       0.087       0.113       0.138       0.143       0.153
    Z1               0.129       0.145       0.153       0.196       0.239       0.247       0.263
    Z2               0.100       0.116       0.125       0.168       0.211       0.219       0.236
    Z3               0.120       0.134       0.142       0.181       0.220       0.228       0.243
    Z                0.483       0.517       0.534       0.623       0.712       0.729       0.762


TECHNICAL 1 OUTPUT


     PARAMETER SPECIFICATION


           NU
              X1            X2            X3            Y1            Y2
              ________      ________      ________      ________      ________
                    1             2             3             4             5


           NU
              Y3            Z1            Z2            Z3            AGE
              ________      ________      ________      ________      ________
                    6             7             8             9            10


           LAMBDA
              X             Y             Z             XY            XS
              ________      ________      ________      ________      ________
 X1                 0             0             0             0             0
 X2                11             0             0             0             0
 X3                12             0             0             0             0
 Y1                 0             0             0             0             0
 Y2                 0            13             0             0             0
 Y3                 0            14             0             0             0
 Z1                 0             0             0             0             0
 Z2                 0             0            15             0             0
 Z3                 0             0            16             0             0
 AGE                0             0             0             0             0


           LAMBDA
              YS
              ________
 X1                 0
 X2                 0
 X3                 0
 Y1                 0
 Y2                 0
 Y3                 0
 Z1                 0
 Z2                 0
 Z3                 0
 AGE                0


           THETA
              X1            X2            X3            Y1            Y2
              ________      ________      ________      ________      ________
 X1                17
 X2                 0            18
 X3                 0             0            19
 Y1                 0             0             0            20
 Y2                 0             0             0             0            21
 Y3                 0             0             0             0             0
 Z1                 0             0             0             0             0
 Z2                 0             0             0             0             0
 Z3                 0             0             0             0             0
 AGE                0             0             0             0             0


           THETA
              Y3            Z1            Z2            Z3            AGE
              ________      ________      ________      ________      ________
 Y3                22
 Z1                 0            23
 Z2                 0             0            24
 Z3                 0             0             0            25
 AGE                0             0             0             0            26


           ALPHA
              X             Y             Z             XY            XS
              ________      ________      ________      ________      ________
                    0             0             0             0             0


           ALPHA
              YS
              ________
                    0


           BETA
              X             Y             Z             XY            XS
              ________      ________      ________      ________      ________
 X                  0             0             0             0             0
 Y                  0             0             0             0             0
 Z                 27            28             0            29            30
 XY                 0             0             0             0             0
 XS                 0             0             0             0             0
 YS                 0             0             0             0             0


           BETA
              YS
              ________
 X                  0
 Y                  0
 Z                 31
 XY                 0
 XS                 0
 YS                 0


           PSI
              X             Y             Z             XY            XS
              ________      ________      ________      ________      ________
 X                 32
 Y                 33            34
 Z                  0             0            35
 XY                 0             0             0             0
 XS                 0             0             0             0             0
 YS                 0             0             0             0             0


           PSI
              YS
              ________
 YS                 0


     PARAMETER SPECIFICATION FOR THE ADDITIONAL PARAMETERS


           NEW/ADDITIONAL PARAMETERS
              CS            CC            IS            IC            A5
              ________      ________      ________      ________      ________
                   36            37            38            39            40


           NEW/ADDITIONAL PARAMETERS
              X0            Y0            P10           P11           P20
              ________      ________      ________      ________      ________
                   41            42            43            44            45


           NEW/ADDITIONAL PARAMETERS
              P21
              ________
                   46


     STARTING VALUES


           NU
              X1            X2            X3            Y1            Y2
              ________      ________      ________      ________      ________
                0.047         0.009         0.063         0.050         0.088


           NU
              Y3            Z1            Z2            Z3            AGE
              ________      ________      ________      ________      ________
                0.105        -0.183        -0.171        -0.134        40.820


           LAMBDA
              X             Y             Z             XY            XS
              ________      ________      ________      ________      ________
 X1             1.000         0.000         0.000         0.000         0.000
 X2             1.000         0.000         0.000         0.000         0.000
 X3             1.000         0.000         0.000         0.000         0.000
 Y1             0.000         1.000         0.000         0.000         0.000
 Y2             0.000         1.000         0.000         0.000         0.000
 Y3             0.000         1.000         0.000         0.000         0.000
 Z1             0.000         0.000         1.000         0.000         0.000
 Z2             0.000         0.000         1.000         0.000         0.000
 Z3             0.000         0.000         1.000         0.000         0.000
 AGE            0.000         0.000         0.000         0.000         0.000


           LAMBDA
              YS
              ________
 X1             0.000
 X2             0.000
 X3             0.000
 Y1             0.000
 Y2             0.000
 Y3             0.000
 Z1             0.000
 Z2             0.000
 Z3             0.000
 AGE            0.000


           THETA
              X1            X2            X3            Y1            Y2
              ________      ________      ________      ________      ________
 X1             0.492
 X2             0.000         0.513
 X3             0.000         0.000         0.521
 Y1             0.000         0.000         0.000         0.711
 Y2             0.000         0.000         0.000         0.000         0.712
 Y3             0.000         0.000         0.000         0.000         0.000
 Z1             0.000         0.000         0.000         0.000         0.000
 Z2             0.000         0.000         0.000         0.000         0.000
 Z3             0.000         0.000         0.000         0.000         0.000
 AGE            0.000         0.000         0.000         0.000         0.000


           THETA
              Y3            Z1            Z2            Z3            AGE
              ________      ________      ________      ________      ________
 Y3             0.719
 Z1             0.000         0.431
 Z2             0.000         0.000         0.438
 Z3             0.000         0.000         0.000         0.443
 AGE            0.000         0.000         0.000         0.000        98.547


           ALPHA
              X             Y             Z             XY            XS
              ________      ________      ________      ________      ________
                0.000         0.000         0.000         0.000         0.000


           ALPHA
              YS
              ________
                0.000


           BETA
              X             Y             Z             XY            XS
              ________      ________      ________      ________      ________
 X              0.000         0.000         0.000         0.000         0.000
 Y              0.000         0.000         0.000         0.000         0.000
 Z              0.000         0.000         0.000         0.000         0.000
 XY             0.000         0.000         0.000         0.000         0.000
 XS             0.000         0.000         0.000         0.000         0.000
 YS             0.000         0.000         0.000         0.000         0.000


           BETA
              YS
              ________
 X              0.000
 Y              0.000
 Z              0.000
 XY             0.000
 XS             0.000
 YS             0.000


           PSI
              X             Y             Z             XY            XS
              ________      ________      ________      ________      ________
 X              0.050
 Y              0.000         0.050
 Z              0.000         0.000         0.050
 XY             0.000         0.000         0.000         0.000
 XS             0.000         0.000         0.000         0.000         0.000
 YS             0.000         0.000         0.000         0.000         0.000


           PSI
              YS
              ________
 YS             0.000


     STARTING VALUES FOR THE ADDITIONAL PARAMETERS


           NEW/ADDITIONAL PARAMETERS
              CS            CC            IS            IC            A5
              ________      ________      ________      ________      ________
                0.500         0.500         0.500         0.500         0.500


           NEW/ADDITIONAL PARAMETERS
              X0            Y0            P10           P11           P20
              ________      ________      ________      ________      ________
                0.500         0.500         0.500         0.500         0.500


           NEW/ADDITIONAL PARAMETERS
              P21
              ________
                0.500


     Beginning Time:  16:09:01
        Ending Time:  16:09:02
       Elapsed Time:  00:00:01



MUTHEN & MUTHEN
3463 Stoner Ave.
Los Angeles, CA  90066

Tel: (310) 391-9971
Fax: (310) 391-8971
Web: www.StatModel.com
Support: Support@StatModel.com

Copyright (c) 1998-2023 Muthen & Muthen
